{"level":"\u001b[33mwarn\u001b[39m","message":"\u001b[33mJWT_SECRET not found in environment variables. Using generated secret.\u001b[39m","timestamp":"2026-01-08 16:10:53:1053"}
{"level":"\u001b[33mwarn\u001b[39m","message":"\u001b[33mSendGrid API key not found. Email service disabled.\u001b[39m","timestamp":"2026-01-08 16:10:53:1053"}
{"attempt":1,"error":"Could not connect to any servers in your MongoDB Atlas cluster. One common reason is that you're trying to access the database from an IP that isn't whitelisted. Make sure your current IP address is on your Atlas cluster's IP whitelist: https://www.mongodb.com/docs/atlas/security-whitelist/","level":"\u001b[31merror\u001b[39m","message":"\u001b[31mFailed to connect to MongoDB\u001b[39m","timestamp":"2026-01-08 16:10:59:1059","url":"mongodb+srv://***:***@ai-sikshak.6rlnkol.mongodb.net/?appName=AI-Sikshak"}
{"attempt":1,"delayMs":5000,"level":"\u001b[32minfo\u001b[39m","maxAttempts":5,"message":"\u001b[32mAttempting to reconnect to MongoDB\u001b[39m","timestamp":"2026-01-08 16:10:59:1059"}
{"environment":"development","level":"\u001b[32minfo\u001b[39m","message":"\u001b[32mAI-Sikshak API Server started\u001b[39m","nodeVersion":"v22.14.0","port":"3000","timestamp":"2026-01-08 16:10:59:1059"}
{"attempt":2,"error":"Could not connect to any servers in your MongoDB Atlas cluster. One common reason is that you're trying to access the database from an IP that isn't whitelisted. Make sure your current IP address is on your Atlas cluster's IP whitelist: https://www.mongodb.com/docs/atlas/security-whitelist/","level":"\u001b[31merror\u001b[39m","message":"\u001b[31mFailed to connect to MongoDB\u001b[39m","timestamp":"2026-01-08 16:11:09:119","url":"mongodb+srv://***:***@ai-sikshak.6rlnkol.mongodb.net/?appName=AI-Sikshak"}
{"attempt":2,"delayMs":10000,"level":"\u001b[32minfo\u001b[39m","maxAttempts":5,"message":"\u001b[32mAttempting to reconnect to MongoDB\u001b[39m","timestamp":"2026-01-08 16:11:09:119"}
{"level":"\u001b[32minfo\u001b[39m","message":"\u001b[32mReceived SIGINT. Starting graceful shutdown...\u001b[39m","timestamp":"2026-01-08 16:11:24:1124"}
{"level":"\u001b[33mwarn\u001b[39m","message":"\u001b[33mJWT_SECRET not found in environment variables. Using generated secret.\u001b[39m","timestamp":"2026-01-08 16:11:32:1132"}
{"level":"\u001b[33mwarn\u001b[39m","message":"\u001b[33mSendGrid API key not found. Email service disabled.\u001b[39m","timestamp":"2026-01-08 16:11:32:1132"}
{"attempt":1,"error":"Could not connect to any servers in your MongoDB Atlas cluster. One common reason is that you're trying to access the database from an IP that isn't whitelisted. Make sure your current IP address is on your Atlas cluster's IP whitelist: https://www.mongodb.com/docs/atlas/security-whitelist/","level":"\u001b[31merror\u001b[39m","message":"\u001b[31mFailed to connect to MongoDB\u001b[39m","timestamp":"2026-01-08 16:11:37:1137","url":"mongodb+srv://***:***@ai-sikshak.6rlnkol.mongodb.net/?appName=AI-Sikshak"}
{"attempt":1,"delayMs":5000,"level":"\u001b[32minfo\u001b[39m","maxAttempts":5,"message":"\u001b[32mAttempting to reconnect to MongoDB\u001b[39m","timestamp":"2026-01-08 16:11:37:1137"}
{"environment":"development","level":"\u001b[32minfo\u001b[39m","message":"\u001b[32mAI-Sikshak API Server started\u001b[39m","nodeVersion":"v22.14.0","port":"3000","timestamp":"2026-01-08 16:11:37:1137"}
{"level":"\u001b[32minfo\u001b[39m","message":"\u001b[32mReceived SIGINT. Starting graceful shutdown...\u001b[39m","timestamp":"2026-01-08 16:11:43:1143"}
{"level":"\u001b[33mwarn\u001b[39m","message":"\u001b[33mJWT_SECRET not found in environment variables. Using generated secret.\u001b[39m","timestamp":"2026-01-08 16:14:26:1426"}
{"level":"\u001b[33mwarn\u001b[39m","message":"\u001b[33mSendGrid API key not found. Email service disabled.\u001b[39m","timestamp":"2026-01-08 16:14:26:1426"}
{"attempt":1,"error":"Could not connect to any servers in your MongoDB Atlas cluster. One common reason is that you're trying to access the database from an IP that isn't whitelisted. Make sure your current IP address is on your Atlas cluster's IP whitelist: https://www.mongodb.com/docs/atlas/security-whitelist/","level":"\u001b[31merror\u001b[39m","message":"\u001b[31mFailed to connect to MongoDB\u001b[39m","timestamp":"2026-01-08 16:14:31:1431","url":"mongodb+srv://***:***@ai-sikshak.6rlnkol.mongodb.net/"}
{"attempt":1,"delayMs":5000,"level":"\u001b[32minfo\u001b[39m","maxAttempts":5,"message":"\u001b[32mAttempting to reconnect to MongoDB\u001b[39m","timestamp":"2026-01-08 16:14:31:1431"}
{"environment":"development","level":"\u001b[32minfo\u001b[39m","message":"\u001b[32mAI-Sikshak API Server started\u001b[39m","nodeVersion":"v22.14.0","port":"3000","timestamp":"2026-01-08 16:14:31:1431"}
{"attempt":2,"error":"Could not connect to any servers in your MongoDB Atlas cluster. One common reason is that you're trying to access the database from an IP that isn't whitelisted. Make sure your current IP address is on your Atlas cluster's IP whitelist: https://www.mongodb.com/docs/atlas/security-whitelist/","level":"\u001b[31merror\u001b[39m","message":"\u001b[31mFailed to connect to MongoDB\u001b[39m","timestamp":"2026-01-08 16:14:41:1441","url":"mongodb+srv://***:***@ai-sikshak.6rlnkol.mongodb.net/"}
{"attempt":2,"delayMs":10000,"level":"\u001b[32minfo\u001b[39m","maxAttempts":5,"message":"\u001b[32mAttempting to reconnect to MongoDB\u001b[39m","timestamp":"2026-01-08 16:14:41:1441"}
{"attempt":3,"error":"Could not connect to any servers in your MongoDB Atlas cluster. One common reason is that you're trying to access the database from an IP that isn't whitelisted. Make sure your current IP address is on your Atlas cluster's IP whitelist: https://www.mongodb.com/docs/atlas/security-whitelist/","level":"\u001b[31merror\u001b[39m","message":"\u001b[31mFailed to connect to MongoDB\u001b[39m","timestamp":"2026-01-08 16:14:56:1456","url":"mongodb+srv://***:***@ai-sikshak.6rlnkol.mongodb.net/"}
{"attempt":3,"delayMs":20000,"level":"\u001b[32minfo\u001b[39m","maxAttempts":5,"message":"\u001b[32mAttempting to reconnect to MongoDB\u001b[39m","timestamp":"2026-01-08 16:14:56:1456"}
{"level":"\u001b[32minfo\u001b[39m","message":"\u001b[32mReceived SIGINT. Starting graceful shutdown...\u001b[39m","timestamp":"2026-01-08 16:15:20:1520"}
{"level":"\u001b[33mwarn\u001b[39m","message":"\u001b[33mJWT_SECRET not found in environment variables. Using generated secret.\u001b[39m","timestamp":"2026-01-08 16:15:25:1525"}
{"level":"\u001b[33mwarn\u001b[39m","message":"\u001b[33mSendGrid API key not found. Email service disabled.\u001b[39m","timestamp":"2026-01-08 16:15:26:1526"}
{"attempt":1,"error":"Could not connect to any servers in your MongoDB Atlas cluster. One common reason is that you're trying to access the database from an IP that isn't whitelisted. Make sure your current IP address is on your Atlas cluster's IP whitelist: https://www.mongodb.com/docs/atlas/security-whitelist/","level":"\u001b[31merror\u001b[39m","message":"\u001b[31mFailed to connect to MongoDB\u001b[39m","timestamp":"2026-01-08 16:15:31:1531","url":"mongodb+srv://***:***@ai-sikshak.6rlnkol.mongodb.net/"}
{"attempt":1,"delayMs":5000,"level":"\u001b[32minfo\u001b[39m","maxAttempts":5,"message":"\u001b[32mAttempting to reconnect to MongoDB\u001b[39m","timestamp":"2026-01-08 16:15:31:1531"}
{"environment":"development","level":"\u001b[32minfo\u001b[39m","message":"\u001b[32mAI-Sikshak API Server started\u001b[39m","nodeVersion":"v22.14.0","port":"3000","timestamp":"2026-01-08 16:15:31:1531"}
{"attempt":2,"error":"Could not connect to any servers in your MongoDB Atlas cluster. One common reason is that you're trying to access the database from an IP that isn't whitelisted. Make sure your current IP address is on your Atlas cluster's IP whitelist: https://www.mongodb.com/docs/atlas/security-whitelist/","level":"\u001b[31merror\u001b[39m","message":"\u001b[31mFailed to connect to MongoDB\u001b[39m","timestamp":"2026-01-08 16:15:41:1541","url":"mongodb+srv://***:***@ai-sikshak.6rlnkol.mongodb.net/"}
{"attempt":2,"delayMs":10000,"level":"\u001b[32minfo\u001b[39m","maxAttempts":5,"message":"\u001b[32mAttempting to reconnect to MongoDB\u001b[39m","timestamp":"2026-01-08 16:15:41:1541"}
{"level":"\u001b[32minfo\u001b[39m","message":"\u001b[32mReceived SIGINT. Starting graceful shutdown...\u001b[39m","timestamp":"2026-01-08 16:15:54:1554"}
{"level":"\u001b[33mwarn\u001b[39m","message":"\u001b[33mJWT_SECRET not found in environment variables. Using generated secret.\u001b[39m","timestamp":"2026-01-08 16:19:29:1929"}
{"level":"\u001b[33mwarn\u001b[39m","message":"\u001b[33mSendGrid API key not found. Email service disabled.\u001b[39m","timestamp":"2026-01-08 16:19:29:1929"}
{"attempt":1,"error":"Could not connect to any servers in your MongoDB Atlas cluster. One common reason is that you're trying to access the database from an IP that isn't whitelisted. Make sure your current IP address is on your Atlas cluster's IP whitelist: https://www.mongodb.com/docs/atlas/security-whitelist/","level":"\u001b[31merror\u001b[39m","message":"\u001b[31mFailed to connect to MongoDB\u001b[39m","timestamp":"2026-01-08 16:19:34:1934","url":"mongodb+srv://***:***@ai-sikshak.6rlnkol.mongodb.net/"}
{"attempt":1,"delayMs":5000,"level":"\u001b[32minfo\u001b[39m","maxAttempts":5,"message":"\u001b[32mAttempting to reconnect to MongoDB\u001b[39m","timestamp":"2026-01-08 16:19:34:1934"}
{"environment":"development","level":"\u001b[32minfo\u001b[39m","message":"\u001b[32mAI-Sikshak API Server started\u001b[39m","nodeVersion":"v22.14.0","port":"3000","timestamp":"2026-01-08 16:19:34:1934"}
{"level":"\u001b[32minfo\u001b[39m","message":"\u001b[32mReceived SIGINT. Starting graceful shutdown...\u001b[39m","timestamp":"2026-01-08 16:19:42:1942"}
{"level":"\u001b[33mwarn\u001b[39m","message":"\u001b[33mJWT_SECRET not found in environment variables. Using generated secret.\u001b[39m","timestamp":"2026-01-08 16:19:47:1947"}
{"level":"\u001b[33mwarn\u001b[39m","message":"\u001b[33mSendGrid API key not found. Email service disabled.\u001b[39m","timestamp":"2026-01-08 16:19:48:1948"}
{"attempt":1,"error":"Could not connect to any servers in your MongoDB Atlas cluster. One common reason is that you're trying to access the database from an IP that isn't whitelisted. Make sure your current IP address is on your Atlas cluster's IP whitelist: https://www.mongodb.com/docs/atlas/security-whitelist/","level":"\u001b[31merror\u001b[39m","message":"\u001b[31mFailed to connect to MongoDB\u001b[39m","timestamp":"2026-01-08 16:19:53:1953","url":"mongodb+srv://***:***@ai-sikshak.6rlnkol.mongodb.net/"}
{"attempt":1,"delayMs":5000,"level":"\u001b[32minfo\u001b[39m","maxAttempts":5,"message":"\u001b[32mAttempting to reconnect to MongoDB\u001b[39m","timestamp":"2026-01-08 16:19:53:1953"}
{"environment":"development","level":"\u001b[32minfo\u001b[39m","message":"\u001b[32mAI-Sikshak API Server started\u001b[39m","nodeVersion":"v22.14.0","port":"3000","timestamp":"2026-01-08 16:19:53:1953"}
{"level":"\u001b[32minfo\u001b[39m","message":"\u001b[32mReceived SIGINT. Starting graceful shutdown...\u001b[39m","timestamp":"2026-01-08 16:19:57:1957"}
{"level":"\u001b[33mwarn\u001b[39m","message":"\u001b[33mJWT_ACCESS_SECRET not found in environment variables. Using generated secret.\u001b[39m","timestamp":"2026-01-08 16:21:22:2122"}
{"level":"\u001b[33mwarn\u001b[39m","message":"\u001b[33mSendGrid API key not found. Email service disabled.\u001b[39m","timestamp":"2026-01-08 16:21:22:2122"}
{"database":"ai-sikshak-dev","level":"\u001b[32minfo\u001b[39m","message":"\u001b[32mSuccessfully connected to MongoDB\u001b[39m","timestamp":"2026-01-08 16:21:23:2123","url":"mongodb://localhost:27017/ai-sikshak-dev"}
{"environment":"development","level":"\u001b[32minfo\u001b[39m","message":"\u001b[32mAI-Sikshak API Server started\u001b[39m","nodeVersion":"v22.14.0","port":"3000","timestamp":"2026-01-08 16:21:23:2123"}
{"errors":[{"field":"confirmPassword","message":"Password confirmation is required"},{"field":"currentStatus","message":"Current status is required"},{"field":"acceptedTerms","message":"Terms acceptance is required"}],"ip":"::1","level":"\u001b[33mwarn\u001b[39m","message":"\u001b[33mValidation error\u001b[39m","originalData":{"acceptTerms":true,"email":"dhanushperumalla2@gmail.com","firstName":"Perumalla","lastName":"Dhanush","password":"dhanush1234@N"},"property":"body","requestId":"req_1767869531003_2gybuap5m","timestamp":"2026-01-08 16:22:11:2211","userAgent":"Mozilla/5.0 (Windows NT 10.0; Win64; x64) AppleWebKit/537.36 (KHTML, like Gecko) Chrome/143.0.0.0 Safari/537.36"}
{"errors":[{"field":"confirmPassword","message":"Password confirmation is required"},{"field":"currentStatus","message":"Current status is required"},{"field":"acceptedTerms","message":"Terms acceptance is required"}],"ip":"::1","level":"\u001b[33mwarn\u001b[39m","message":"\u001b[33mValidation error\u001b[39m","originalData":{"acceptTerms":true,"email":"dhanushperumalla2@gmail.com","firstName":"Perumalla","lastName":"Dhanush","password":"dhanush1234@N"},"property":"body","requestId":"req_1767869541147_5es1w2jrj","timestamp":"2026-01-08 16:22:21:2221","userAgent":"Mozilla/5.0 (Windows NT 10.0; Win64; x64) AppleWebKit/537.36 (KHTML, like Gecko) Chrome/143.0.0.0 Safari/537.36"}
{"errors":[{"field":"confirmPassword","message":"Password confirmation is required"},{"field":"acceptedTerms","message":"You must accept the terms and conditions","value":false}],"ip":"::1","level":"\u001b[33mwarn\u001b[39m","message":"\u001b[33mValidation error\u001b[39m","originalData":{"acceptTerms":true,"acceptedTerms":false,"currentStatus":"student","email":"dhanushperumalla2@gmail.com","firstName":"Perumalla","lastName":"Dhanush","marketingConsent":false,"password":"dhanush1234@N"},"property":"body","requestId":"req_1767869627868_13g1wa9bf","timestamp":"2026-01-08 16:23:47:2347","userAgent":"Mozilla/5.0 (Windows NT 10.0; Win64; x64) AppleWebKit/537.36 (KHTML, like Gecko) Chrome/143.0.0.0 Safari/537.36"}
{"level":"\u001b[32minfo\u001b[39m","message":"\u001b[32mReceived SIGINT. Starting graceful shutdown...\u001b[39m","timestamp":"2026-01-08 16:25:11:2511"}
{"level":"\u001b[33mwarn\u001b[39m","message":"\u001b[33mJWT_ACCESS_SECRET not found in environment variables. Using generated secret.\u001b[39m","timestamp":"2026-01-08 16:25:17:2517"}
{"level":"\u001b[33mwarn\u001b[39m","message":"\u001b[33mSendGrid API key not found. Email service disabled.\u001b[39m","timestamp":"2026-01-08 16:25:17:2517"}
{"database":"ai-sikshak-dev","level":"\u001b[32minfo\u001b[39m","message":"\u001b[32mSuccessfully connected to MongoDB\u001b[39m","timestamp":"2026-01-08 16:25:17:2517","url":"mongodb://localhost:27017/ai-sikshak-dev"}
{"environment":"development","level":"\u001b[32minfo\u001b[39m","message":"\u001b[32mAI-Sikshak API Server started\u001b[39m","nodeVersion":"v22.14.0","port":"3000","timestamp":"2026-01-08 16:25:17:2517"}
{"errors":[{"field":"confirmPassword","message":"Password confirmation is required"}],"ip":"::1","level":"\u001b[33mwarn\u001b[39m","message":"\u001b[33mValidation error\u001b[39m","originalData":{"acceptedTerms":true,"currentStatus":"student","email":"dhanushperumalla2@gmail.com","firstName":"Perumalla","lastName":"Dhanush","marketingConsent":false,"password":"dhanush1234@N"},"property":"body","requestId":"req_1767869758179_223a3fxfo","timestamp":"2026-01-08 16:25:58:2558","userAgent":"Mozilla/5.0 (Windows NT 10.0; Win64; x64) AppleWebKit/537.36 (KHTML, like Gecko) Chrome/143.0.0.0 Safari/537.36"}
{"from":"noreply@ai-sikshak.com","html":"HTML content available","level":"\u001b[32minfo\u001b[39m","message":"\u001b[32m📧 EMAIL (Development Mode - Not Actually Sent)\u001b[39m","subject":"Verify Your AI-Sikshak Account","text":"\n      Hi Perumalla,\n\n      Thank you for joining AI-Sikshak! We're excited to help you discover your ideal career path.\n\n      To get started, please verify your email address by visiting this link:\n...","timestamp":"2026-01-08 16:27:18:2718","to":"dhanushperumalla2@gmail.com"}
{"email":"dhanushperumalla2@gmail.com","firstName":"Perumalla","level":"\u001b[32minfo\u001b[39m","message":"\u001b[32mEmail verification sent\u001b[39m","timestamp":"2026-01-08 16:27:18:2718"}
{"currentStatus":"student","email":"dhanushperumalla2@gmail.com","firstName":"Perumalla","level":"\u001b[32minfo\u001b[39m","message":"\u001b[32mUser registered successfully\u001b[39m","timestamp":"2026-01-08 16:27:18:2718","userId":"695f8d8d3a02363819ce5754"}
{"currentStatus":"student","email":"dhanushperumalla2@gmail.com","firstName":"Perumalla","level":"\u001b[32minfo\u001b[39m","message":"\u001b[32mUser registration successful\u001b[39m","requestId":"req_1767869837802_l5o784a6m","timestamp":"2026-01-08 16:27:18:2718"}
